<html>
<body>
<pre>
<h1>礦ision Build Log</h1>
<h2>Tool Versions:</h2>
IDE-Version: μVision V5.36.0.0
Copyright (C) 2021 ARM Ltd and ARM Germany GmbH. All rights reserved.
License Information: 1 www, 1, LIC=ZB4EI-T3DIU-ARCXW-Q0NR8-TY5SP-RUVZQ
 
Tool Versions:
Toolchain:       MDK-ARM Plus  Version: 5.36.0.0
Toolchain Path:  C:\Keil_v5\ARM\ARMCC\Bin
C Compiler:      Armcc.exe V5.06 update 7 (build 960)
Assembler:       Armasm.exe V5.06 update 7 (build 960)
Linker/Locator:  ArmLink.exe V5.06 update 7 (build 960)
Library Manager: ArmAr.exe V5.06 update 7 (build 960)
Hex Converter:   FromElf.exe V5.06 update 7 (build 960)
CPU DLL:         SARMCM3.DLL V5.36.0.0
Dialog DLL:      DARMCM1.DLL V1.19.4.0
Target DLL:      Segger\JL2CM3.dll V2.99.40.0
Dialog DLL:      TARMCM1.DLL V1.14.4.0
 
<h2>Project:</h2>
E:\工作整理文件\大鱼\BC3\转接板软件\扩展板软件\Project\MM32F0010.uvprojx
Project File Date:  04/08/2024

<h2>Output:</h2>
*** Using Compiler 'V5.06 update 7 (build 960)', folder: 'C:\Keil_v5\ARM\ARMCC\Bin'
Rebuild target 'Target 1'
assembling startup_mm32f0010_keil.s...
compiling hal_dbg.c...
compiling hal_iwdg.c...
compiling uart.c...
compiling irq.c...
compiling hal_crc.c...
compiling hal_gpio.c...
compiling hal_misc.c...
compiling hal_adc.c...
compiling hal_flash.c...
compiling hal_exti.c...
compiling uart2.c...
compiling io.c...
compiling main.c...
compiling init.c...
compiling system_mm32f0010.c...
compiling hal_pwr.c...
compiling hal_rcc.c...
compiling hal_uart.c...
compiling hal_uid.c...
compiling hal_ver.c...
compiling hal_wwdg.c...
compiling hal_tim.c...
linking...
Program Size: Code=3756 RO-data=212 RW-data=80 ZI-data=960  
After Build - User command #1: fromelf.exe --bin -o "E:\工作整理文件\大鱼\BC3\转接板软件\扩展板软件\Project\Objects\MM32F0010.bin" "E:\工作整理文件\大鱼\BC3\转接板软件\扩展板软件\Project\Objects\MM32F0010.axf
".\Objects\MM32F0010.axf" - 0 Error(s), 0 Warning(s).

<h2>Software Packages used:</h2>

Package Vendor: MindMotion
                http://www.mindmotion.com.cn/Download/MDK_KEIL/MindMotion.MM32F0010_DFP.1.0.6.pack
                MindMotion.MM32F0010_DFP.1.0.6
                MindMotion Cortex-Mx Series Device Family Pack

<h2>Collection of Component include folders:</h2>
  C:\Users\Zjg\AppData\Local\Arm\Packs\MindMotion\MM32F0010_DFP\1.0.6\Device\MM32F0010\Include

<h2>Collection of Component Files used:</h2>
Build Time Elapsed:  00:00:05
</pre>
</body>
</html>
